// Jest Snapshot v1, https://goo.gl/fbAQLP

exports[`AddDoctorForm Component renders AddDoctorForm component 1`] = `
<div
  class="max-w-md mx-auto mt-8 p-6 bg-white shadow-md rounded-md"
>
  <h2
    class="text-2xl font-bold mb-4 text-center"
  >
    Add New Doctor
  </h2>
  <div
    class="mb-4"
  >
    <form>
      <div
        class="mb-4"
      >
        <input
          class="mt-1 p-2 border rounded-md w-full focus:outline-none focus:ring focus:border-blue-300"
          name="name"
          placeholder="Full name"
          required=""
          type="text"
          value=""
        />
      </div>
      <div
        class="mb-4"
      >
        <input
          class="mt-1 p-2 border rounded-md w-full focus:outline-none focus:ring focus:border-blue-300"
          name="specialization"
          placeholder="Specialization"
          required=""
          type="text"
          value=""
        />
      </div>
      <div
        class="mb-4"
      >
        <input
          class="mt-1 p-2 border rounded-md w-full focus:outline-none focus:ring focus:border-blue-300"
          name="image"
          placeholder="Image URL"
          type="text"
          value=""
        />
      </div>
      <div
        class="mb-4"
      >
        <input
          class="mt-1 p-2 border rounded-md w-full focus:outline-none focus:ring focus:border-blue-300"
          name="fee"
          placeholder="Fee"
          required=""
          type="text"
          value=""
        />
      </div>
      <div
        class="mb-4"
      >
        <textarea
          class="mt-1 p-2 border rounded-md w-full focus:outline-none focus:ring focus:border-blue-300"
          name="bio"
          placeholder="Bio"
        />
      </div>
      <button
        class="bg-green-700 hover:bg-green-400 text-white  px-4 py-2 rounded-md focus:outline-none focus:ring focus:border-green-300 w-full"
        type="submit"
      >
        Submit
      </button>
    </form>
  </div>
</div>
`;
