// Jest Snapshot v1, https://goo.gl/fbAQLP

exports[`MyReservations Component renders MyReservations component 1`] = `
<div
  class="container mx-auto mt-8"
>
  <h2
    class="text-2xl font-bold mb-4 my-reserve-head"
  >
    My Reservations
  </h2>
  <table
    class="w-full border-collapse"
  >
    <thead>
      <tr
        class="bg-gray-200"
      >
        <th
          class="py-2 px-4 border"
        >
          Id
        </th>
        <th
          class="py-2 px-4 border"
        >
          Date
        </th>
        <th
          class="py-2 px-4 border"
        >
          City
        </th>
        <th
          class="py-2 px-4 border"
        >
          Doctor
        </th>
        <th
          class="py-2 px-4 border"
        >
          Actions
        </th>
      </tr>
    </thead>
    <tbody />
  </table>
</div>
`;
